---
aligned_bam_result_id:
  - -ghij4i5j230509ug345
  - -533e0bb1a99f4fbe9e31cf6e19907133
feature_list_ids: {}
fpkm_file: RnaSeq.t.d/expression/genes.fpkm_tracking
reference_fasta: /gscmnt/gc13003/info/test_suite_data/Genome-VariantReporting-Framework-Component-ResourceProvider/v3/reference.fasta
translations:
  normal: TEST-patient1-somval_normal1
  tumor: TEST-patient1-somval_tumor1
